23:47:13 **** Incremental Build of configuration Debug for project aws_demos ****
make all 
Building file: C:/Users/Yann/Documents/GitHub/STM32L4-AWS-freeRTOS/AmazonFreeRTOS/demos/common/mqtt/aws_hello_world.c
Invoking: MCU GCC Compiler
C:\Users\Yann\Documents\GitHub\STM32L4-AWS-freeRTOS\AmazonFreeRTOS\demos\st\stm32l475_discovery\ac6\Debug
arm-none-eabi-gcc -mcpu=cortex-m4 -mthumb -mfloat-abi=hard -mfpu=fpv4-sp-d16 -DUSE_HAL_DRIVER -DSTM32L475xx '-DMQTTCLIENT_PLATFORM_HEADER=MQTTCMSIS.h' -DENABLE_IOT_INFO -DENABLE_IOT_ERROR -DSENSOR -DRFU -DUSE_OFFLOAD_SSL -I"C:/Users/Yann/Documents/GitHub/STM32L4-AWS-freeRTOS/AmazonFreeRTOS/demos/st/stm32l475_discovery/ac6" -I"C:/Users/Yann/Documents/GitHub/STM32L4-AWS-freeRTOS/AmazonFreeRTOS/demos/st/stm32l475_discovery/common/config_files" -I"C:/Users/Yann/Documents/GitHub/STM32L4-AWS-freeRTOS/AmazonFreeRTOS/demos/st/stm32l475_discovery/common/application_code" -I"C:/Users/Yann/Documents/GitHub/STM32L4-AWS-freeRTOS/AmazonFreeRTOS/demos/st/stm32l475_discovery/common/application_code/st_code" -I"C:/Users/Yann/Documents/GitHub/STM32L4-AWS-freeRTOS/AmazonFreeRTOS/demos/common/include" -I"C:/Users/Yann/Documents/GitHub/STM32L4-AWS-freeRTOS/AmazonFreeRTOS/lib/include" -I"C:/Users/Yann/Documents/GitHub/STM32L4-AWS-freeRTOS/AmazonFreeRTOS/lib/include/private" -I"C:/Users/Yann/Documents/GitHub/STM32L4-AWS-freeRTOS/AmazonFreeRTOS/lib/FreeRTOS/portable/GCC/ARM_CM4F" -I"C:/Users/Yann/Documents/GitHub/STM32L4-AWS-freeRTOS/AmazonFreeRTOS/lib/third_party/pkcs11" -I"C:/Users/Yann/Documents/GitHub/STM32L4-AWS-freeRTOS/AmazonFreeRTOS/lib/third_party/mbedtls/include" -I"C:/Users/Yann/Documents/GitHub/STM32L4-AWS-freeRTOS/AmazonFreeRTOS/lib/third_party/mcu_vendor/st/stm32l475_discovery/STM32L4xx_HAL_Driver/Inc" -I"C:/Users/Yann/Documents/GitHub/STM32L4-AWS-freeRTOS/AmazonFreeRTOS/lib/third_party/mcu_vendor/st/stm32l475_discovery/STM32L4xx_HAL_Driver/Inc/Legacy" -I"C:/Users/Yann/Documents/GitHub/STM32L4-AWS-freeRTOS/AmazonFreeRTOS/lib/third_party/mcu_vendor/st/stm32l475_discovery/CMSIS/Include" -I"C:/Users/Yann/Documents/GitHub/STM32L4-AWS-freeRTOS/AmazonFreeRTOS/lib/third_party/mcu_vendor/st/stm32l475_discovery/CMSIS/Device/ST/STM32L4xx/Include" -I"C:/Users/Yann/Documents/GitHub/STM32L4-AWS-freeRTOS/AmazonFreeRTOS/lib/third_party/mcu_vendor/st/stm32l475_discovery/BSP/B-L475E-IOT01" -I"C:/Users/Yann/Documents/GitHub/STM32L4-AWS-freeRTOS/AmazonFreeRTOS/lib/third_party/mcu_vendor/st/stm32l475_discovery/BSP/Components/Common" -I"C:/Users/Yann/Documents/GitHub/STM32L4-AWS-freeRTOS/AmazonFreeRTOS/lib/third_party/mcu_vendor/st/stm32l475_discovery/BSP/Components/hts221" -I"C:/Users/Yann/Documents/GitHub/STM32L4-AWS-freeRTOS/AmazonFreeRTOS/lib/third_party/mcu_vendor/st/stm32l475_discovery/BSP/Components/lis3mdl" -I"C:/Users/Yann/Documents/GitHub/STM32L4-AWS-freeRTOS/AmazonFreeRTOS/lib/third_party/mcu_vendor/st/stm32l475_discovery/BSP/Components/lps22hb" -I"C:/Users/Yann/Documents/GitHub/STM32L4-AWS-freeRTOS/AmazonFreeRTOS/lib/third_party/mcu_vendor/st/stm32l475_discovery/BSP/Components/lsm6dsl" -I"C:/Users/Yann/Documents/GitHub/STM32L4-AWS-freeRTOS/AmazonFreeRTOS/lib/third_party/mcu_vendor/st/stm32l475_discovery/BSP/Components/vl53l0x" -I"C:/Users/Yann/Documents/GitHub/STM32L4-AWS-freeRTOS/AmazonFreeRTOS/lib/third_party/mcu_vendor/st/stm32l475_discovery/BSP/Components/es_wifi" -O0 -g3 -Wall -fmessage-length=0 -ffunction-sections -c -fmessage-length=0 -MMD -MP -MF"application_code/common_demos/source/aws_hello_world.d" -MT"application_code/common_demos/source/aws_hello_world.o" -o "application_code/common_demos/source/aws_hello_world.o" "C:/Users/Yann/Documents/GitHub/STM32L4-AWS-freeRTOS/AmazonFreeRTOS/demos/common/mqtt/aws_hello_world.c"
C:/Users/Yann/Documents/GitHub/STM32L4-AWS-freeRTOS/AmazonFreeRTOS/demos/common/mqtt/aws_hello_world.c: In function 'prvMQTTConnectAndPublishTask':
C:/Users/Yann/Documents/GitHub/STM32L4-AWS-freeRTOS/AmazonFreeRTOS/demos/common/mqtt/aws_hello_world.c:452:6: warning: implicit declaration of function 'srand'; did you mean 'scanf'? [-Wimplicit-function-declaration]
      srand(time(NULL));   // Initialization, should only be called once.
      ^~~~~
      scanf
C:/Users/Yann/Documents/GitHub/STM32L4-AWS-freeRTOS/AmazonFreeRTOS/demos/common/mqtt/aws_hello_world.c:497:15: warning: implicit declaration of function 'rand'; did you mean 'rewind'? [-Wimplicit-function-declaration]
          xX = rand() % 100 + 1;
               ^~~~
               rewind
C:/Users/Yann/Documents/GitHub/STM32L4-AWS-freeRTOS/AmazonFreeRTOS/demos/common/mqtt/aws_hello_world.c:445:22: warning: unused variable 'xIterationsInAMinute' [-Wunused-variable]
     const BaseType_t xIterationsInAMinute = 60 / 5;
                      ^~~~~~~~~~~~~~~~~~~~
At top level:
C:/Users/Yann/Documents/GitHub/STM32L4-AWS-freeRTOS/AmazonFreeRTOS/demos/common/mqtt/aws_hello_world.c:347:19: warning: 'prvSubscribe' defined but not used [-Wunused-function]
 static BaseType_t prvSubscribe( void )
                   ^~~~~~~~~~~~
C:/Users/Yann/Documents/GitHub/STM32L4-AWS-freeRTOS/AmazonFreeRTOS/demos/common/mqtt/aws_hello_world.c:283:13: warning: 'prvMessageEchoingTask' defined but not used [-Wunused-function]
 static void prvMessageEchoingTask( void * pvParameters )
             ^~~~~~~~~~~~~~~~~~~~~
C:/Users/Yann/Documents/GitHub/STM32L4-AWS-freeRTOS/AmazonFreeRTOS/demos/common/mqtt/aws_hello_world.c:241:13: warning: 'prvPublishNextMessage' defined but not used [-Wunused-function]
 static void prvPublishNextMessage( BaseType_t xMessageNumber )
             ^~~~~~~~~~~~~~~~~~~~~
Finished building: C:/Users/Yann/Documents/GitHub/STM32L4-AWS-freeRTOS/AmazonFreeRTOS/demos/common/mqtt/aws_hello_world.c
 
Building target: aws_demos.elf
Invoking: MCU GCC Linker
arm-none-eabi-gcc -mcpu=cortex-m4 -mthumb -mfloat-abi=hard -mfpu=fpv4-sp-d16 -specs=nosys.specs -z muldefs -T"../STM32L475VGTx_FLASH.ld" -Wl,-Map=output.map -Wl,--gc-sections -o "aws_demos.elf" @"objects.list"   -lm
Finished building target: aws_demos.elf
 
make --no-print-directory post-build
Generating binary and Printing size information:
arm-none-eabi-objcopy -O binary "aws_demos.elf" "aws_demos.bin"
arm-none-eabi-objcopy -O ihex "aws_demos.elf" "aws_demos.hex"
arm-none-eabi-size "aws_demos.elf"
   text	   data	    bss	    dec	    hex	filename
 241832	  30480	  99004	 371316	  5aa74	aws_demos.elf
 
23:47:52 **** Incremental Build of configuration Debug for project aws_demos ****
make all 
make: Nothing to be done for 'all'.
